stm32f4xx_it.c:95:6:NMI_Handler	4	static
stm32f4xx_it.c:108:6:HardFault_Handler	4	static
stm32f4xx_it.c:123:6:MemManage_Handler	4	static
stm32f4xx_it.c:138:6:BusFault_Handler	4	static
stm32f4xx_it.c:153:6:UsageFault_Handler	4	static
stm32f4xx_it.c:168:6:SVC_Handler	4	static
stm32f4xx_it.c:181:6:DebugMon_Handler	4	static
stm32f4xx_it.c:194:6:PendSV_Handler	4	static
stm32f4xx_it.c:207:6:SysTick_Handler	8	static
stm32f4xx_it.c:228:6:DMA1_Stream5_IRQHandler	8	static
stm32f4xx_it.c:242:6:DMA1_Stream6_IRQHandler	8	static
stm32f4xx_it.c:256:6:ADC_IRQHandler	8	static
stm32f4xx_it.c:270:6:TIM1_UP_TIM10_IRQHandler	8	static
stm32f4xx_it.c:284:6:TIM1_CC_IRQHandler	8	static
stm32f4xx_it.c:298:6:TIM4_IRQHandler	8	static
stm32f4xx_it.c:312:6:USART1_IRQHandler	8	static
stm32f4xx_it.c:326:6:SDIO_IRQHandler	8	static
stm32f4xx_it.c:340:6:TIM6_DAC_IRQHandler	8	static
stm32f4xx_it.c:354:6:DMA2_Stream0_IRQHandler	8	static
stm32f4xx_it.c:368:6:DMA2_Stream3_IRQHandler	8	static
stm32f4xx_it.c:382:6:DMA2_Stream7_IRQHandler	8	static
